2026-04-09T19:03:08Z === orchestrate start ===
2026-04-09T19:03:08Z git pull → 0
2026-04-09T19:03:08Z Already up to date.
2026-04-09T19:03:08Z pending=0
2026-04-09T19:03:08Z task_scout --max 45 --streams all --push
2026-04-09T19:03:13Z after scout pending=45
2026-04-09T19:03:13Z wave 1: 4 workers backend=dispatch
2026-04-09T19:05:46Z git pull → 0
2026-04-09T19:05:46Z Already up to date.
2026-04-09T19:05:46Z pending=44
2026-04-09T19:05:46Z wave 2: 4 workers backend=dispatch
2026-04-09T19:06:17Z git pull → 0
2026-04-09T19:06:17Z Already up to date.
2026-04-09T19:06:17Z pending=44
2026-04-09T19:06:17Z wave 3: 4 workers backend=dispatch
2026-04-09T19:06:48Z git pull → 0
2026-04-09T19:06:48Z Already up to date.
2026-04-09T19:06:48Z pending=44
2026-04-09T19:06:48Z wave 4: 4 workers backend=dispatch
2026-04-09T19:07:19Z git pull → 0
2026-04-09T19:07:19Z Already up to date.
2026-04-09T19:07:19Z pending=44
2026-04-09T19:07:19Z wave 5: 4 workers backend=dispatch
2026-04-09T19:07:38Z === orchestrate start ===
2026-04-09T19:07:39Z git pull → 0
2026-04-09T19:07:39Z Already up to date.
2026-04-09T19:07:39Z pending=44
2026-04-09T19:07:39Z wave 1: 6 workers backend=dispatch
2026-04-09T19:07:51Z git pull → 0
2026-04-09T19:07:51Z Already up to date.
2026-04-09T19:07:51Z pending=43
2026-04-09T19:07:51Z wave 6: 4 workers backend=dispatch
