=== 2026-04-09T23:57:15Z start Worker003 ===
[Worker003] checking for pending tasks…
[Worker003] claimed T-0059: People registry: rebuild to 200 figures and fill christ_connection for all new entries
Reopened T-0059.
  [ledger] pushed to origin
  pushed to origin
[Worker003] T-0059 no dispatch rule — reopened.
=== 2026-04-10T00:03:13Z start Worker003 ===
[Worker003] checking for pending tasks…
[Worker003] claimed T-0066: Ch genesis_1: add entity span annotations (data-entity / place / thing)
  [dispatch] /Library/Developer/CommandLineTools/usr/bin/python3 /Users/reify/Classified/wescripture/lds_pipeline/annotate_entity_spans.py --books genesis
Loading entity indexes…
  134 scripture-person variants, 81 place variants, 207 thing variants
Annotating 1 chapters…

Done. 0 chapters changed, 31 verses scanned, 0 entity spans added.
=== 2026-04-10T00:05:46Z start Worker003 ===
[Worker003] checking for pending tasks…
[Worker003] claimed T-0067: Ch matthew_2: add or repair _notes.html (commentary / semantic panel)
Reopened T-0067.
  push failed (non-fatal): Command '['git', 'push', 'origin', 'main']' returned non-zero exit status 1.
[Worker003] T-0067 no dispatch rule — reopened.
=== 2026-04-10T00:06:17Z start Worker003 ===
[Worker003] checking for pending tasks…
[Worker003] claimed T-0068: Donaldson — doctrine_and_covenants: add commentary JSON for 138 missing chapter(s)
Reopened T-0068.
  pushed to origin
[Worker003] T-0068 no dispatch rule — reopened.
=== 2026-04-10T00:06:48Z start Worker003 ===
[Worker003] checking for pending tasks…
[Worker003] claimed T-0067: Ch matthew_2: add or repair _notes.html (commentary / semantic panel)
Reopened T-0067.
  [ledger] pushed to origin
  pushed to origin
[Worker003] T-0067 no dispatch rule — reopened.
=== 2026-04-10T00:07:19Z start Worker003 ===
[Worker003] checking for pending tasks…
[Worker003] claimed T-0067: Ch matthew_2: add or repair _notes.html (commentary / semantic panel)
Reopened T-0067.
  [ledger] pushed to origin
  pushed to origin
[Worker003] T-0067 no dispatch rule — reopened.
=== 2026-04-10T00:07:39Z start Worker003 ===
[Worker003] checking for pending tasks…
[Worker003] claimed T-0068: Donaldson — doctrine_and_covenants: add commentary JSON for 138 missing chapter(s)
Reopened T-0068.
  pushed to origin
[Worker003] T-0068 no dispatch rule — reopened.
=== 2026-04-10T00:07:51Z start Worker003 ===
[Worker003] checking for pending tasks…
[Worker003] claimed T-0070: Ch deuteronomy_14: add entity span annotations (data-entity / place / thing)
  [dispatch] /Library/Developer/CommandLineTools/usr/bin/python3 /Users/reify/Classified/wescripture/lds_pipeline/annotate_entity_spans.py --books deuteronomy
Loading entity indexes…
  134 scripture-person variants, 81 place variants, 207 thing variants
Annotating 1 chapters…

Done. 0 chapters changed, 29 verses scanned, 0 entity spans added.
[main 54f20c24] [task] T-0070: annotate_entity_spans --books deuteronomy (exit 0)
 Committer: Reif Tauati <reify@Reifs-MacBook-Pro.local>
Your name and email address were configured automatically based
on your username and hostname. Please check that they are accurate.
You can suppress this message by setting them explicitly:

    git config --global user.name "Your Name"
    git config --global user.email you@example.com

After doing this, you may fix the identity used for this commit with:

    git commit --amend --reset-author

 16 files changed, 426 insertions(+)
 create mode 100644 diagnostics/task-worker-Worker000.log
 create mode 100644 diagnostics/task-worker-Worker001.log
 create mode 100644 diagnostics/task-worker-Worker004.err
 create mode 100644 diagnostics/task-worker-Worker004.out
 create mode 100644 diagnostics/task-worker-Worker005.err
 create mode 100644 diagnostics/task-worker-Worker005.out
Completed T-0070.
  [ledger] pushed to origin
  push failed (non-fatal): Command '['git', 'push', 'origin', 'main']' returned non-zero exit status 1.
