  [ledger] push failed: fatal: Unable to create '/Users/reify/Classified/wescripture/.git/index.lock': File exists.

Another git process seems to be running in this repository, e.g.
an editor opened by 'git commit'. Please make sure all processes
are terminated then try again. If it still fails, a git process
may have crashed in this repository earlier:
remove the file manually to continue.

To https://github.com/reif-is-a-foofie/wescripture.git
 ! [remote rejected]   main -> main (cannot lock ref 'refs/heads/main': is at 24f6c5376610806f28a6b820bdf50bf6b8fc6294 but expected a7d029d1e6dd178659dd18e8b8f10f6bad16695c)
error: failed to push some refs to 'https://github.com/reif-is-a-foofie/wescripture.git'
fatal: Unable to create '/Users/reify/Classified/wescripture/.git/index.lock': File exists.

Another git process seems to be running in this repository, e.g.
an editor opened by 'git commit'. Please make sure all processes
are terminated then try again. If it still fails, a git process
may have crashed in this repository earlier:
remove the file manually to continue.
Traceback (most recent call last):
  File "/Users/reify/Classified/wescripture/lds_pipeline/task_worker.py", line 314, in <module>
    main()
  File "/Users/reify/Classified/wescripture/lds_pipeline/task_worker.py", line 258, in main
    new_commit = git_commit_work(tid, d.summary)
  File "/Users/reify/Classified/wescripture/lds_pipeline/task_worker.py", line 164, in git_commit_work
    run(["git", "add", "-A"])
  File "/Users/reify/Classified/wescripture/lds_pipeline/task_worker.py", line 81, in run
    return subprocess.run(
  File "/Library/Developer/CommandLineTools/Library/Frameworks/Python3.framework/Versions/3.9/lib/python3.9/subprocess.py", line 528, in run
    raise CalledProcessError(retcode, process.args,
subprocess.CalledProcessError: Command '['git', 'add', '-A']' returned non-zero exit status 128.
  [ledger] push failed: fatal: Unable to create '/Users/reify/Classified/wescripture/.git/index.lock': File exists.

Another git process seems to be running in this repository, e.g.
an editor opened by 'git commit'. Please make sure all processes
are terminated then try again. If it still fails, a git process
may have crashed in this repository earlier:
remove the file manually to continue.

To https://github.com/reif-is-a-foofie/wescripture.git
   2cf5dbe5..40bc36dc  main -> main
Everything up-to-date
  [ledger] push failed: To https://github.com/reif-is-a-foofie/wescripture.git
 ! [remote rejected]   main -> main (cannot lock ref 'refs/heads/main': is at e8762229bc7fc190d0708d6716c18a91e2b3803f but expected 7f086271b38a032ec1592c7a9180a01b7a005622)
error: failed to push some refs to 'https://github.com/reif-is-a-foofie/wescripture.git'

Everything up-to-date
  [ledger] push failed: fatal: Unable to create '/Users/reify/Classified/wescripture/.git/index.lock': File exists.

Another git process seems to be running in this repository, e.g.
an editor opened by 'git commit'. Please make sure all processes
are terminated then try again. If it still fails, a git process
may have crashed in this repository earlier:
remove the file manually to continue.

To https://github.com/reif-is-a-foofie/wescripture.git
 ! [remote rejected]   main -> main (cannot lock ref 'refs/heads/main': is at c887aa196bf7dd819270020cd96d528cadd66e8c but expected 95b01b4766535caf9573a81c50ce1d02def2b9b8)
error: failed to push some refs to 'https://github.com/reif-is-a-foofie/wescripture.git'
  [ledger] push failed: To https://github.com/reif-is-a-foofie/wescripture.git
 ! [remote rejected]   main -> main (cannot lock ref 'refs/heads/main': is at e17ba92776089020cb980bd3bdd742e1f1ffe1d9 but expected b1ae85a50021d0ff0d56807815b6d2770fefdf39)
error: failed to push some refs to 'https://github.com/reif-is-a-foofie/wescripture.git'

Everything up-to-date
