=== 2026-04-09T23:57:15Z start Worker000 ===
[Worker000] checking for pending tasks…
[Worker000] claimed T-0059: People registry: rebuild to 200 figures and fill christ_connection for all new entries
Reopened T-0059.
  push failed (non-fatal): Command '['git', 'push', 'origin', 'main']' returned non-zero exit status 1.
[Worker000] T-0059 no dispatch rule — reopened.
=== 2026-04-10T00:03:13Z start Worker000 ===
[Worker000] checking for pending tasks…
[Worker000] claimed T-0066: Ch genesis_1: add entity span annotations (data-entity / place / thing)
  [dispatch] /Library/Developer/CommandLineTools/usr/bin/python3 /Users/reify/Classified/wescripture/lds_pipeline/annotate_entity_spans.py --books genesis
Loading entity indexes…
  134 scripture-person variants, 81 place variants, 207 thing variants
Annotating 1 chapters…

Done. 0 chapters changed, 31 verses scanned, 0 entity spans added.
[main f87bd9e8] [task] T-0066: annotate_entity_spans --books genesis (exit 0)
 Committer: Reif Tauati <reify@Reifs-MacBook-Pro.local>
Your name and email address were configured automatically based
on your username and hostname. Please check that they are accurate.
You can suppress this message by setting them explicitly:

    git config --global user.name "Your Name"
    git config --global user.email you@example.com

After doing this, you may fix the identity used for this commit with:

    git commit --amend --reset-author

 17 files changed, 204 insertions(+)
 create mode 100644 diagnostics/dispatch-wave.out
 create mode 100644 diagnostics/orchestrate-run.out
 create mode 100644 diagnostics/orchestrate.log
 create mode 100644 diagnostics/task-worker-Worker000.err
 create mode 100644 diagnostics/task-worker-Worker000.out
 create mode 100644 diagnostics/task-worker-Worker001.err
 create mode 100644 diagnostics/task-worker-Worker001.out
 create mode 100644 diagnostics/task-worker-Worker002.err
 create mode 100644 diagnostics/task-worker-Worker002.out
 create mode 100644 diagnostics/task-worker-Worker003.err
 create mode 100644 diagnostics/task-worker-Worker003.out
