  [ledger] push failed: fatal: Unable to create '/Users/reify/Classified/wescripture/.git/index.lock': File exists.

Another git process seems to be running in this repository, e.g.
an editor opened by 'git commit'. Please make sure all processes
are terminated then try again. If it still fails, a git process
may have crashed in this repository earlier:
remove the file manually to continue.

To https://github.com/reif-is-a-foofie/wescripture.git
 ! [remote rejected]   main -> main (cannot lock ref 'refs/heads/main': is at e17ba92776089020cb980bd3bdd742e1f1ffe1d9 but expected b1ae85a50021d0ff0d56807815b6d2770fefdf39)
error: failed to push some refs to 'https://github.com/reif-is-a-foofie/wescripture.git'
  [ledger] push failed: fatal: Unable to create '/Users/reify/Classified/wescripture/.git/index.lock': File exists.

Another git process seems to be running in this repository, e.g.
an editor opened by 'git commit'. Please make sure all processes
are terminated then try again. If it still fails, a git process
may have crashed in this repository earlier:
remove the file manually to continue.

To https://github.com/reif-is-a-foofie/wescripture.git
 ! [remote rejected]   main -> main (cannot lock ref 'refs/heads/main': is at dea9c0fcc946f51c4663d301adf7755476749d1f but expected 7a131e577c72a272f17280519cd7d5e0a42853aa)
error: failed to push some refs to 'https://github.com/reif-is-a-foofie/wescripture.git'
  [ledger] push failed: fatal: Unable to create '/Users/reify/Classified/wescripture/.git/index.lock': File exists.

Another git process seems to be running in this repository, e.g.
an editor opened by 'git commit'. Please make sure all processes
are terminated then try again. If it still fails, a git process
may have crashed in this repository earlier:
remove the file manually to continue.

To https://github.com/reif-is-a-foofie/wescripture.git
   850af7b3..46a1e997  main -> main
  [ledger] push failed: Command '['git', 'commit', '-m', 'ledger: task_reopened T-0068']' returned non-zero exit status 1.
To https://github.com/reif-is-a-foofie/wescripture.git
 ! [remote rejected]   main -> main (cannot lock ref 'refs/heads/main': is at 3945b633409358e55541b6fb54bb09518fc130d4 but expected 086bb062ab964240bd35bc1dbb356e628b8c0c0d)
error: failed to push some refs to 'https://github.com/reif-is-a-foofie/wescripture.git'
  [ledger] push failed: fatal: Unable to create '/Users/reify/Classified/wescripture/.git/index.lock': File exists.

Another git process seems to be running in this repository, e.g.
an editor opened by 'git commit'. Please make sure all processes
are terminated then try again. If it still fails, a git process
may have crashed in this repository earlier:
remove the file manually to continue.

To https://github.com/reif-is-a-foofie/wescripture.git
 ! [remote rejected]   main -> main (cannot lock ref 'refs/heads/main': is at e74ad697c4f3b9d085413d058d9b890154d855db but expected 63d4bde90a4dae77e5475b9213cecd7b005b45a7)
error: failed to push some refs to 'https://github.com/reif-is-a-foofie/wescripture.git'
  [ledger] push failed: fatal: Unable to create '/Users/reify/Classified/wescripture/.git/index.lock': File exists.

Another git process seems to be running in this repository, e.g.
an editor opened by 'git commit'. Please make sure all processes
are terminated then try again. If it still fails, a git process
may have crashed in this repository earlier:
remove the file manually to continue.

To https://github.com/reif-is-a-foofie/wescripture.git
   41c1e7ab..8ab73cf5  main -> main
  [ledger] push failed: fatal: Unable to create '/Users/reify/Classified/wescripture/.git/index.lock': File exists.

Another git process seems to be running in this repository, e.g.
an editor opened by 'git commit'. Please make sure all processes
are terminated then try again. If it still fails, a git process
may have crashed in this repository earlier:
remove the file manually to continue.

To https://github.com/reif-is-a-foofie/wescripture.git
 ! [remote rejected]   main -> main (cannot lock ref 'refs/heads/main': is at 24ded42928503947a5e16171a2924379841ed451 but expected efb67cdd087bfa6802d9b4aa48a2d3e0b1f1d9e7)
error: failed to push some refs to 'https://github.com/reif-is-a-foofie/wescripture.git'
  [ledger] push failed: fatal: Unable to create '/Users/reify/Classified/wescripture/.git/index.lock': File exists.

Another git process seems to be running in this repository, e.g.
an editor opened by 'git commit'. Please make sure all processes
are terminated then try again. If it still fails, a git process
may have crashed in this repository earlier:
remove the file manually to continue.

To https://github.com/reif-is-a-foofie/wescripture.git
   0319cea8..77655b24  main -> main
  [ledger] push failed: fatal: Unable to create '/Users/reify/Classified/wescripture/.git/index.lock': File exists.

Another git process seems to be running in this repository, e.g.
an editor opened by 'git commit'. Please make sure all processes
are terminated then try again. If it still fails, a git process
may have crashed in this repository earlier:
remove the file manually to continue.

To https://github.com/reif-is-a-foofie/wescripture.git
   68a4060d..d55f53e3  main -> main
  [ledger] push failed: fatal: Unable to create '/Users/reify/Classified/wescripture/.git/index.lock': File exists.

Another git process seems to be running in this repository, e.g.
an editor opened by 'git commit'. Please make sure all processes
are terminated then try again. If it still fails, a git process
may have crashed in this repository earlier:
remove the file manually to continue.

To https://github.com/reif-is-a-foofie/wescripture.git
 ! [remote rejected]   main -> main (cannot lock ref 'refs/heads/main': is at e6b354244f3fca9540a64195dee7969087f797db but expected 47ddd38daa3ca1dcc53c723ddc263150aa14291d)
error: failed to push some refs to 'https://github.com/reif-is-a-foofie/wescripture.git'
  [ledger] push failed: fatal: Unable to create '/Users/reify/Classified/wescripture/.git/index.lock': File exists.

Another git process seems to be running in this repository, e.g.
an editor opened by 'git commit'. Please make sure all processes
are terminated then try again. If it still fails, a git process
may have crashed in this repository earlier:
remove the file manually to continue.

To https://github.com/reif-is-a-foofie/wescripture.git
 ! [remote rejected]   main -> main (cannot lock ref 'refs/heads/main': is at f8d49b3854ae86825b8031566e065b438c88252f but expected 2b03155f58a23c604508eae2d5f6e83ab01747ae)
error: failed to push some refs to 'https://github.com/reif-is-a-foofie/wescripture.git'
  [ledger] push failed: fatal: Unable to create '/Users/reify/Classified/wescripture/.git/index.lock': File exists.

Another git process seems to be running in this repository, e.g.
an editor opened by 'git commit'. Please make sure all processes
are terminated then try again. If it still fails, a git process
may have crashed in this repository earlier:
remove the file manually to continue.

To https://github.com/reif-is-a-foofie/wescripture.git
   094a551e..dc5ffea8  main -> main
  [ledger] push failed: fatal: Unable to create '/Users/reify/Classified/wescripture/.git/index.lock': File exists.

Another git process seems to be running in this repository, e.g.
an editor opened by 'git commit'. Please make sure all processes
are terminated then try again. If it still fails, a git process
may have crashed in this repository earlier:
remove the file manually to continue.

To https://github.com/reif-is-a-foofie/wescripture.git
 ! [remote rejected]   main -> main (cannot lock ref 'refs/heads/main': is at e50f677b9cd3bfa4e0a04624262cd2ced48b0fb0 but expected e6efa517c15caf26bc7d7839971c7f26ef3a3243)
error: failed to push some refs to 'https://github.com/reif-is-a-foofie/wescripture.git'
  [ledger] push failed: To https://github.com/reif-is-a-foofie/wescripture.git
 ! [remote rejected]   main -> main (cannot lock ref 'refs/heads/main': is at bf10e21bad4708a1d25f55d09c2902a1f4558fef but expected dc78dafe17474d799fbfd62d4cf563ce1fd7833a)
error: failed to push some refs to 'https://github.com/reif-is-a-foofie/wescripture.git'

Everything up-to-date
  [ledger] push failed: To https://github.com/reif-is-a-foofie/wescripture.git
 ! [remote rejected]   main -> main (cannot lock ref 'refs/heads/main': is at 67492b906334210752ecd593fff062f289db90ef but expected 7962f5f484c00ecd50bcdf669c508b28ffcb09cf)
error: failed to push some refs to 'https://github.com/reif-is-a-foofie/wescripture.git'

To https://github.com/reif-is-a-foofie/wescripture.git
   67492b90..b15201d8  main -> main
  [ledger] push failed: To https://github.com/reif-is-a-foofie/wescripture.git
 ! [remote rejected]   main -> main (cannot lock ref 'refs/heads/main': is at 5d260bec80cac94fb5396b09408d00aa6fd104bd but expected 0320e36f176a2cfa7be790c177949ed96a18bc71)
error: failed to push some refs to 'https://github.com/reif-is-a-foofie/wescripture.git'

Everything up-to-date
  [ledger] push failed: fatal: Unable to create '/Users/reify/Classified/wescripture/.git/index.lock': File exists.

Another git process seems to be running in this repository, e.g.
an editor opened by 'git commit'. Please make sure all processes
are terminated then try again. If it still fails, a git process
may have crashed in this repository earlier:
remove the file manually to continue.

To https://github.com/reif-is-a-foofie/wescripture.git
   dfad898f..51b14108  main -> main
  [ledger] push failed: fatal: Unable to create '/Users/reify/Classified/wescripture/.git/index.lock': File exists.

Another git process seems to be running in this repository, e.g.
an editor opened by 'git commit'. Please make sure all processes
are terminated then try again. If it still fails, a git process
may have crashed in this repository earlier:
remove the file manually to continue.

To https://github.com/reif-is-a-foofie/wescripture.git
 ! [remote rejected]   main -> main (cannot lock ref 'refs/heads/main': is at 75428d8b7ec8719542ed9f5cf7d83b888461bf63 but expected eee2126ff12091c4b2bfac34211cfab54a853a11)
error: failed to push some refs to 'https://github.com/reif-is-a-foofie/wescripture.git'
  [ledger] push failed: fatal: Unable to create '/Users/reify/Classified/wescripture/.git/index.lock': File exists.

Another git process seems to be running in this repository, e.g.
an editor opened by 'git commit'. Please make sure all processes
are terminated then try again. If it still fails, a git process
may have crashed in this repository earlier:
remove the file manually to continue.

To https://github.com/reif-is-a-foofie/wescripture.git
 ! [remote rejected]   main -> main (cannot lock ref 'refs/heads/main': is at c9dede8690a88f0a85cb4cff2a4c2e70c56e47c7 but expected c7f0b052fd8211a48d9857cedc1f75e006a9cd87)
error: failed to push some refs to 'https://github.com/reif-is-a-foofie/wescripture.git'
  [ledger] push failed: fatal: Unable to create '/Users/reify/Classified/wescripture/.git/index.lock': File exists.

Another git process seems to be running in this repository, e.g.
an editor opened by 'git commit'. Please make sure all processes
are terminated then try again. If it still fails, a git process
may have crashed in this repository earlier:
remove the file manually to continue.

To https://github.com/reif-is-a-foofie/wescripture.git
 ! [remote rejected]   main -> main (cannot lock ref 'refs/heads/main': is at d4a38f5b81414306922f914ee3c1f97e605f0376 but expected 8d9830ab7217a162f912891ed38a531018d366a8)
error: failed to push some refs to 'https://github.com/reif-is-a-foofie/wescripture.git'
  [ledger] push failed: fatal: Unable to create '/Users/reify/Classified/wescripture/.git/index.lock': File exists.

Another git process seems to be running in this repository, e.g.
an editor opened by 'git commit'. Please make sure all processes
are terminated then try again. If it still fails, a git process
may have crashed in this repository earlier:
remove the file manually to continue.

To https://github.com/reif-is-a-foofie/wescripture.git
   f4474854..5ca78b6a  main -> main
  [ledger] push failed: fatal: Unable to create '/Users/reify/Classified/wescripture/.git/index.lock': File exists.

Another git process seems to be running in this repository, e.g.
an editor opened by 'git commit'. Please make sure all processes
are terminated then try again. If it still fails, a git process
may have crashed in this repository earlier:
remove the file manually to continue.

To https://github.com/reif-is-a-foofie/wescripture.git
 ! [remote rejected]   main -> main (cannot lock ref 'refs/heads/main': is at c13db30d24c104e642c4e77afa7d1cb292ad91fe but expected e496520decddd34c2f5d6b12309e59ade2517026)
error: failed to push some refs to 'https://github.com/reif-is-a-foofie/wescripture.git'
  [ledger] push failed: fatal: Unable to create '/Users/reify/Classified/wescripture/.git/index.lock': File exists.

Another git process seems to be running in this repository, e.g.
an editor opened by 'git commit'. Please make sure all processes
are terminated then try again. If it still fails, a git process
may have crashed in this repository earlier:
remove the file manually to continue.

To https://github.com/reif-is-a-foofie/wescripture.git
   9e071781..adec74ec  main -> main
Everything up-to-date
  [ledger] push failed: fatal: Unable to create '/Users/reify/Classified/wescripture/.git/index.lock': File exists.

Another git process seems to be running in this repository, e.g.
an editor opened by 'git commit'. Please make sure all processes
are terminated then try again. If it still fails, a git process
may have crashed in this repository earlier:
remove the file manually to continue.

To https://github.com/reif-is-a-foofie/wescripture.git
 ! [remote rejected]   main -> main (cannot lock ref 'refs/heads/main': is at b5398328999c1423306832325aafc25f7b401000 but expected 3863d03a5beb69a951bfde5ae90ac8488267a3cf)
error: failed to push some refs to 'https://github.com/reif-is-a-foofie/wescripture.git'
